mode: set
github.com/ganesh-kachare-josh/GameON/internal/app/request/handler.go:15.93,16.55 1 0
github.com/ganesh-kachare-josh/GameON/internal/app/request/handler.go:16.55,21.15 4 0
github.com/ganesh-kachare-josh/GameON/internal/app/request/handler.go:21.15,24.4 2 0
github.com/ganesh-kachare-josh/GameON/internal/app/request/handler.go:25.3,26.17 2 0
github.com/ganesh-kachare-josh/GameON/internal/app/request/handler.go:26.17,29.4 2 0
github.com/ganesh-kachare-josh/GameON/internal/app/request/handler.go:31.3,32.17 2 0
github.com/ganesh-kachare-josh/GameON/internal/app/request/handler.go:32.17,35.4 2 0
github.com/ganesh-kachare-josh/GameON/internal/app/request/handler.go:36.3,39.17 4 0
github.com/ganesh-kachare-josh/GameON/internal/app/request/handler.go:39.17,41.4 1 0
github.com/ganesh-kachare-josh/GameON/internal/app/request/handler.go:45.93,46.55 1 0
github.com/ganesh-kachare-josh/GameON/internal/app/request/handler.go:46.55,50.17 3 0
github.com/ganesh-kachare-josh/GameON/internal/app/request/handler.go:50.17,53.4 2 0
github.com/ganesh-kachare-josh/GameON/internal/app/request/handler.go:55.3,59.17 4 0
github.com/ganesh-kachare-josh/GameON/internal/app/request/handler.go:59.17,61.4 1 0
github.com/ganesh-kachare-josh/GameON/internal/app/request/handler.go:65.102,66.55 1 0
github.com/ganesh-kachare-josh/GameON/internal/app/request/handler.go:66.55,71.15 4 0
github.com/ganesh-kachare-josh/GameON/internal/app/request/handler.go:71.15,74.4 2 0
github.com/ganesh-kachare-josh/GameON/internal/app/request/handler.go:76.3,77.17 2 0
github.com/ganesh-kachare-josh/GameON/internal/app/request/handler.go:77.17,80.4 2 0
github.com/ganesh-kachare-josh/GameON/internal/app/request/handler.go:82.3,87.17 5 0
github.com/ganesh-kachare-josh/GameON/internal/app/request/handler.go:87.17,89.4 1 0
github.com/ganesh-kachare-josh/GameON/internal/app/request/handler.go:94.100,95.56 1 0
github.com/ganesh-kachare-josh/GameON/internal/app/request/handler.go:95.56,100.15 4 0
github.com/ganesh-kachare-josh/GameON/internal/app/request/handler.go:100.15,103.4 2 0
github.com/ganesh-kachare-josh/GameON/internal/app/request/handler.go:105.3,106.17 2 0
github.com/ganesh-kachare-josh/GameON/internal/app/request/handler.go:106.17,109.4 2 0
github.com/ganesh-kachare-josh/GameON/internal/app/request/handler.go:111.3,113.17 3 0
github.com/ganesh-kachare-josh/GameON/internal/app/request/handler.go:113.17,116.4 2 0
github.com/ganesh-kachare-josh/GameON/internal/app/request/handler.go:118.3,121.17 3 0
github.com/ganesh-kachare-josh/GameON/internal/app/request/handler.go:121.17,124.4 2 0
github.com/ganesh-kachare-josh/GameON/internal/app/request/handler.go:126.3,129.17 4 0
github.com/ganesh-kachare-josh/GameON/internal/app/request/handler.go:129.17,131.4 1 0
github.com/ganesh-kachare-josh/GameON/internal/app/request/handler.go:132.3,132.12 1 0
github.com/ganesh-kachare-josh/GameON/internal/app/request/handler.go:132.12,137.19 2 0
github.com/ganesh-kachare-josh/GameON/internal/app/request/handler.go:137.19,139.6 1 0
github.com/ganesh-kachare-josh/GameON/internal/app/request/handler.go:145.102,146.56 1 0
github.com/ganesh-kachare-josh/GameON/internal/app/request/handler.go:146.56,151.15 4 0
github.com/ganesh-kachare-josh/GameON/internal/app/request/handler.go:151.15,154.4 2 0
github.com/ganesh-kachare-josh/GameON/internal/app/request/handler.go:156.3,157.17 2 0
github.com/ganesh-kachare-josh/GameON/internal/app/request/handler.go:157.17,160.4 2 0
github.com/ganesh-kachare-josh/GameON/internal/app/request/handler.go:162.3,164.17 3 0
github.com/ganesh-kachare-josh/GameON/internal/app/request/handler.go:164.17,167.4 2 0
github.com/ganesh-kachare-josh/GameON/internal/app/request/handler.go:169.3,171.17 3 0
github.com/ganesh-kachare-josh/GameON/internal/app/request/handler.go:171.17,174.4 2 0
github.com/ganesh-kachare-josh/GameON/internal/app/request/handler.go:175.3,178.17 4 0
github.com/ganesh-kachare-josh/GameON/internal/app/request/handler.go:178.17,180.4 1 0
github.com/ganesh-kachare-josh/GameON/internal/app/request/handler.go:181.3,181.12 1 0
github.com/ganesh-kachare-josh/GameON/internal/app/request/handler.go:181.12,186.19 2 0
github.com/ganesh-kachare-josh/GameON/internal/app/request/handler.go:186.19,188.6 1 0
github.com/ganesh-kachare-josh/GameON/internal/app/request/handler.go:194.92,195.56 1 0
github.com/ganesh-kachare-josh/GameON/internal/app/request/handler.go:195.56,200.15 4 0
github.com/ganesh-kachare-josh/GameON/internal/app/request/handler.go:200.15,203.4 2 0
github.com/ganesh-kachare-josh/GameON/internal/app/request/handler.go:205.3,206.17 2 0
github.com/ganesh-kachare-josh/GameON/internal/app/request/handler.go:206.17,209.4 2 0
github.com/ganesh-kachare-josh/GameON/internal/app/request/handler.go:211.3,212.17 2 0
github.com/ganesh-kachare-josh/GameON/internal/app/request/handler.go:212.17,215.4 2 0
github.com/ganesh-kachare-josh/GameON/internal/app/request/handler.go:217.3,218.17 2 0
github.com/ganesh-kachare-josh/GameON/internal/app/request/handler.go:218.17,221.4 2 0
github.com/ganesh-kachare-josh/GameON/internal/app/request/handler.go:223.3,223.24 1 0
github.com/ganesh-kachare-josh/GameON/internal/app/request/handler.go:223.24,226.4 2 0
github.com/ganesh-kachare-josh/GameON/internal/app/request/handler.go:227.3,233.33 4 0
github.com/ganesh-kachare-josh/GameON/internal/app/request/handler.go:238.96,239.56 1 0
github.com/ganesh-kachare-josh/GameON/internal/app/request/handler.go:239.56,244.15 4 0
github.com/ganesh-kachare-josh/GameON/internal/app/request/handler.go:244.15,247.4 2 0
github.com/ganesh-kachare-josh/GameON/internal/app/request/handler.go:248.3,249.17 2 0
github.com/ganesh-kachare-josh/GameON/internal/app/request/handler.go:249.17,252.4 2 0
github.com/ganesh-kachare-josh/GameON/internal/app/request/handler.go:254.3,255.17 2 0
github.com/ganesh-kachare-josh/GameON/internal/app/request/handler.go:255.17,258.4 2 0
github.com/ganesh-kachare-josh/GameON/internal/app/request/handler.go:261.3,269.12 5 0
github.com/ganesh-kachare-josh/GameON/internal/app/request/handler.go:269.12,274.18 2 0
github.com/ganesh-kachare-josh/GameON/internal/app/request/handler.go:274.18,276.5 1 0
github.com/ganesh-kachare-josh/GameON/internal/app/request/handler.go:282.90,283.56 1 0
github.com/ganesh-kachare-josh/GameON/internal/app/request/handler.go:283.56,289.17 4 0
github.com/ganesh-kachare-josh/GameON/internal/app/request/handler.go:289.17,292.4 2 0
github.com/ganesh-kachare-josh/GameON/internal/app/request/handler.go:294.3,295.17 2 0
github.com/ganesh-kachare-josh/GameON/internal/app/request/handler.go:295.17,298.4 2 0
github.com/ganesh-kachare-josh/GameON/internal/app/request/handler.go:300.3,303.17 4 0
github.com/ganesh-kachare-josh/GameON/internal/app/request/handler.go:303.17,305.4 1 0
github.com/ganesh-kachare-josh/GameON/internal/app/request/handler.go:310.100,311.55 1 0
github.com/ganesh-kachare-josh/GameON/internal/app/request/handler.go:311.55,315.29 3 0
github.com/ganesh-kachare-josh/GameON/internal/app/request/handler.go:315.29,318.4 2 0
github.com/ganesh-kachare-josh/GameON/internal/app/request/handler.go:321.9,322.38 2 0
github.com/ganesh-kachare-josh/GameON/internal/app/request/handler.go:322.38,325.10 2 0
github.com/ganesh-kachare-josh/GameON/internal/app/request/handler.go:327.9,328.17 2 0
github.com/ganesh-kachare-josh/GameON/internal/app/request/handler.go:328.17,331.4 2 0
github.com/ganesh-kachare-josh/GameON/internal/app/request/handler.go:333.3,337.17 4 0
github.com/ganesh-kachare-josh/GameON/internal/app/request/handler.go:337.17,340.4 2 0
github.com/ganesh-kachare-josh/GameON/internal/app/request/handler.go:341.3,346.17 5 0
github.com/ganesh-kachare-josh/GameON/internal/app/request/handler.go:346.17,348.4 1 0
github.com/ganesh-kachare-josh/GameON/internal/app/request/service.go:26.91,28.17 2 1
github.com/ganesh-kachare-josh/GameON/internal/app/request/service.go:28.17,30.4 1 1
github.com/ganesh-kachare-josh/GameON/internal/app/request/service.go:31.3,31.32 1 1
github.com/ganesh-kachare-josh/GameON/internal/app/request/service.go:34.75,36.17 2 1
github.com/ganesh-kachare-josh/GameON/internal/app/request/service.go:36.17,38.4 1 1
github.com/ganesh-kachare-josh/GameON/internal/app/request/service.go:40.3,41.33 2 1
github.com/ganesh-kachare-josh/GameON/internal/app/request/service.go:41.33,43.7 1 1
github.com/ganesh-kachare-josh/GameON/internal/app/request/service.go:44.3,44.22 1 1
github.com/ganesh-kachare-josh/GameON/internal/app/request/service.go:47.96,50.37 3 1
github.com/ganesh-kachare-josh/GameON/internal/app/request/service.go:50.37,52.7 1 1
github.com/ganesh-kachare-josh/GameON/internal/app/request/service.go:53.3,53.16 1 1
github.com/ganesh-kachare-josh/GameON/internal/app/request/service.go:56.133,58.16 2 1
github.com/ganesh-kachare-josh/GameON/internal/app/request/service.go:58.16,60.3 1 1
github.com/ganesh-kachare-josh/GameON/internal/app/request/service.go:61.2,61.76 1 1
github.com/ganesh-kachare-josh/GameON/internal/app/request/service.go:64.134,66.16 2 1
github.com/ganesh-kachare-josh/GameON/internal/app/request/service.go:66.16,68.3 1 1
github.com/ganesh-kachare-josh/GameON/internal/app/request/service.go:69.2,69.76 1 1
github.com/ganesh-kachare-josh/GameON/internal/app/request/service.go:72.92,74.2 1 0
github.com/ganesh-kachare-josh/GameON/internal/app/request/service.go:76.106,78.16 2 1
github.com/ganesh-kachare-josh/GameON/internal/app/request/service.go:78.16,80.3 1 1
github.com/ganesh-kachare-josh/GameON/internal/app/request/service.go:81.2,81.46 1 1
github.com/ganesh-kachare-josh/GameON/internal/app/request/service.go:84.93,86.16 2 1
github.com/ganesh-kachare-josh/GameON/internal/app/request/service.go:86.16,88.3 1 1
github.com/ganesh-kachare-josh/GameON/internal/app/request/service.go:89.2,89.32 1 1
github.com/ganesh-kachare-josh/GameON/internal/app/request/service.go:92.89,94.2 1 1
github.com/ganesh-kachare-josh/GameON/internal/app/request/service.go:96.62,100.2 1 1
