mode: set
github.com/ganesh-kachare-josh/GameON/internal/app/auth/handler.go:14.78,15.57 1 0
github.com/ganesh-kachare-josh/GameON/internal/app/auth/handler.go:15.57,20.23 3 0
github.com/ganesh-kachare-josh/GameON/internal/app/auth/handler.go:20.23,23.10 2 0
github.com/ganesh-kachare-josh/GameON/internal/app/auth/handler.go:25.9,28.23 3 0
github.com/ganesh-kachare-josh/GameON/internal/app/auth/handler.go:28.23,31.10 2 0
github.com/ganesh-kachare-josh/GameON/internal/app/auth/handler.go:33.9,47.23 5 0
github.com/ganesh-kachare-josh/GameON/internal/app/auth/handler.go:47.23,49.10 1 0
github.com/ganesh-kachare-josh/GameON/internal/app/auth/handler.go:53.81,54.57 1 0
github.com/ganesh-kachare-josh/GameON/internal/app/auth/handler.go:54.57,59.23 3 0
github.com/ganesh-kachare-josh/GameON/internal/app/auth/handler.go:59.23,62.10 2 0
github.com/ganesh-kachare-josh/GameON/internal/app/auth/handler.go:64.9,67.23 3 0
github.com/ganesh-kachare-josh/GameON/internal/app/auth/handler.go:67.23,70.10 2 0
github.com/ganesh-kachare-josh/GameON/internal/app/auth/handler.go:72.9,75.23 3 0
github.com/ganesh-kachare-josh/GameON/internal/app/auth/handler.go:75.23,77.10 1 0
github.com/ganesh-kachare-josh/GameON/internal/app/auth/handler.go:82.80,83.57 1 0
github.com/ganesh-kachare-josh/GameON/internal/app/auth/handler.go:83.57,88.29 3 0
github.com/ganesh-kachare-josh/GameON/internal/app/auth/handler.go:88.29,92.27 4 0
github.com/ganesh-kachare-josh/GameON/internal/app/auth/handler.go:92.27,94.14 1 0
github.com/ganesh-kachare-josh/GameON/internal/app/auth/handler.go:95.13,95.19 1 0
github.com/ganesh-kachare-josh/GameON/internal/app/auth/handler.go:99.9,100.38 2 0
github.com/ganesh-kachare-josh/GameON/internal/app/auth/handler.go:100.38,104.27 4 0
github.com/ganesh-kachare-josh/GameON/internal/app/auth/handler.go:104.27,106.14 1 0
github.com/ganesh-kachare-josh/GameON/internal/app/auth/handler.go:107.13,107.19 1 0
github.com/ganesh-kachare-josh/GameON/internal/app/auth/handler.go:110.9,112.23 2 0
github.com/ganesh-kachare-josh/GameON/internal/app/auth/handler.go:112.23,116.27 4 0
github.com/ganesh-kachare-josh/GameON/internal/app/auth/handler.go:116.27,118.14 1 0
github.com/ganesh-kachare-josh/GameON/internal/app/auth/handler.go:119.13,119.19 1 0
github.com/ganesh-kachare-josh/GameON/internal/app/auth/handler.go:122.9,125.23 4 0
github.com/ganesh-kachare-josh/GameON/internal/app/auth/handler.go:125.23,127.10 1 0
github.com/ganesh-kachare-josh/GameON/internal/app/auth/service.go:17.99,19.16 2 1
github.com/ganesh-kachare-josh/GameON/internal/app/auth/service.go:19.16,21.3 1 1
github.com/ganesh-kachare-josh/GameON/internal/app/auth/service.go:22.2,22.35 1 1
github.com/ganesh-kachare-josh/GameON/internal/app/auth/service.go:25.97,27.16 2 1
github.com/ganesh-kachare-josh/GameON/internal/app/auth/service.go:27.16,29.3 1 1
github.com/ganesh-kachare-josh/GameON/internal/app/auth/service.go:30.2,30.36 1 1
github.com/ganesh-kachare-josh/GameON/internal/app/auth/service.go:33.55,37.2 1 1
