mode: set
github.com/ganesh-kachare-josh/GameON/internal/app/profile/handler.go:13.87,14.54 1 0
github.com/ganesh-kachare-josh/GameON/internal/app/profile/handler.go:14.54,19.15 4 0
github.com/ganesh-kachare-josh/GameON/internal/app/profile/handler.go:19.15,22.4 2 0
github.com/ganesh-kachare-josh/GameON/internal/app/profile/handler.go:23.3,24.17 2 0
github.com/ganesh-kachare-josh/GameON/internal/app/profile/handler.go:24.17,27.4 2 0
github.com/ganesh-kachare-josh/GameON/internal/app/profile/handler.go:29.3,30.17 2 0
github.com/ganesh-kachare-josh/GameON/internal/app/profile/handler.go:30.17,33.4 2 0
github.com/ganesh-kachare-josh/GameON/internal/app/profile/handler.go:35.3,38.17 4 0
github.com/ganesh-kachare-josh/GameON/internal/app/profile/handler.go:38.17,41.4 2 0
github.com/ganesh-kachare-josh/GameON/internal/app/profile/handler.go:45.90,46.55 1 0
github.com/ganesh-kachare-josh/GameON/internal/app/profile/handler.go:46.55,50.29 3 0
github.com/ganesh-kachare-josh/GameON/internal/app/profile/handler.go:50.29,53.4 2 0
github.com/ganesh-kachare-josh/GameON/internal/app/profile/handler.go:56.9,57.38 2 0
github.com/ganesh-kachare-josh/GameON/internal/app/profile/handler.go:57.38,60.10 2 0
github.com/ganesh-kachare-josh/GameON/internal/app/profile/handler.go:62.9,63.17 2 0
github.com/ganesh-kachare-josh/GameON/internal/app/profile/handler.go:63.17,66.4 2 0
github.com/ganesh-kachare-josh/GameON/internal/app/profile/handler.go:68.3,70.17 3 0
github.com/ganesh-kachare-josh/GameON/internal/app/profile/handler.go:70.17,73.4 2 0
github.com/ganesh-kachare-josh/GameON/internal/app/profile/handler.go:75.3,79.17 3 0
github.com/ganesh-kachare-josh/GameON/internal/app/profile/handler.go:79.17,82.4 2 0
github.com/ganesh-kachare-josh/GameON/internal/app/profile/handler.go:84.3,87.17 4 0
github.com/ganesh-kachare-josh/GameON/internal/app/profile/handler.go:87.17,90.4 2 0
github.com/ganesh-kachare-josh/GameON/internal/app/profile/service.go:18.83,20.16 2 1
github.com/ganesh-kachare-josh/GameON/internal/app/profile/service.go:20.16,22.3 1 1
github.com/ganesh-kachare-josh/GameON/internal/app/profile/service.go:23.2,23.32 1 1
github.com/ganesh-kachare-josh/GameON/internal/app/profile/service.go:26.95,28.16 2 1
github.com/ganesh-kachare-josh/GameON/internal/app/profile/service.go:28.16,30.3 1 1
github.com/ganesh-kachare-josh/GameON/internal/app/profile/service.go:31.2,31.33 1 1
github.com/ganesh-kachare-josh/GameON/internal/app/profile/service.go:34.61,38.2 1 1
